// Jest Snapshot v1, https://goo.gl/fbAQLP

exports[`matches snapshot 1`] = `
<a
  className="MuiTypography-root MuiTypography-inherit MuiLink-root MuiLink-underlineAlways css-1iwtne7-MuiTypography-root-MuiLink-root"
  onBlur={[Function]}
  onFocus={[Function]}
>
  <div
    className="makeStyles-wrapper-1 MuiBox-root css-0"
  >
    <p
      className="MuiTypography-root MuiTypography-body1 css-ahj2mt-MuiTypography-root"
    >
      test link
    </p>
    <svg
      aria-hidden={true}
      className="MuiSvgIcon-root MuiSvgIcon-fontSizeMedium css-i4bv87-MuiSvgIcon-root"
      data-testid="undefinedIcon"
      focusable="false"
      viewBox="0 0 24 24"
    >
      <svg
        fill="none"
        height="20"
        stroke="currentColor"
        viewBox="0 0 20 20"
        width="20"
        xmlns="http://www.w3.org/2000/svg"
      >
        <path
          d="M4.16667 10H15.8333"
          strokeLinecap="round"
          strokeLinejoin="round"
          strokeWidth="2"
        />
        <path
          d="M10 4.16667L15.8333 10L10 15.8333"
          strokeLinecap="round"
          strokeLinejoin="round"
          strokeWidth="2"
        />
      </svg>
    </svg>
  </div>
</a>
`;
